15:03:56 **** Build of configuration Debug for project phased_array ****
make all 
make --no-print-directory pre-build
a9-linaro-pre-build-step
' '
make --no-print-directory main-build
'Building file: ../src/helloworld.c'
'Invoking: ARM v7 gcc compiler'
arm-none-eabi-gcc -Wall -O0 -g3 -c -fmessage-length=0 -MT"src/helloworld.o" -mcpu=cortex-a9 -mfpu=vfpv3 -mfloat-abi=hard -IC:/Users/dylan/Documents/projects/Ultrasonic_phased_array/Vitis/phased_array_platform/export/phased_array_platform/sw/phased_array_platform/standalone_domain/bspinclude/include -MMD -MP -MF"src/helloworld.d" -MT"src/helloworld.o" -o "src/helloworld.o" "../src/helloworld.c"
../src/helloworld.c: In function 'main':
../src/helloworld.c:285:21: warning: unused variable 'bt4' [-Wunused-variable]
  285 |                 int bt4 = (bt & 0b1000) >> 3;
      |                     ^~~
../src/helloworld.c:284:21: warning: unused variable 'bt3' [-Wunused-variable]
  284 |                 int bt3 = (bt & 0b0100) >> 2;
      |                     ^~~
../src/helloworld.c:283:21: warning: unused variable 'bt2' [-Wunused-variable]
  283 |                 int bt2 = (bt & 0b0010) >> 1;
      |                     ^~~
../src/helloworld.c:282:21: warning: unused variable 'bt1' [-Wunused-variable]
  282 |                 int bt1 = (bt & 0b0001) >> 0;
      |                     ^~~
'Finished building: ../src/helloworld.c'
' '
'Building target: phased_array.elf'
'Invoking: ARM v7 gcc linker'
arm-none-eabi-gcc -mcpu=cortex-a9 -mfpu=vfpv3 -mfloat-abi=hard -Wl,-build-id=none -specs=Xilinx.spec -Wl,-T -Wl,../src/lscript.ld -LC:/Users/dylan/Documents/projects/Ultrasonic_phased_array/Vitis/phased_array_platform/export/phased_array_platform/sw/phased_array_platform/standalone_domain/bsplib/lib -o "phased_array.elf"  ./src/helloworld.o ./src/platform.o   -lm -Wl,--start-group,-lxil,-lgcc,-lc,--end-group
'Finished building target: phased_array.elf'
' '
'Invoking: ARM v7 Print Size'
arm-none-eabi-size phased_array.elf  |tee "phased_array.elf.size"
   text	   data	    bss	    dec	    hex	filename
  34966	   1592	  23000	  59558	   e8a6	phased_array.elf
'Finished building: phased_array.elf.size'
' '

15:04:01 Build Finished (took 4s.741ms)

